[0;35m[1m
╔═══════════════════════════════════════════════╗
║       MINISHELL COMPREHENSIVE TESTER          ║
║           Generated from Excel                ║
╚═══════════════════════════════════════════════╝
[0m
[0;36mRunning 744 tests...[0m

[0;31m✗[0m [5] [CARACTERES A LA VOLE] !
   Expected: 1 | Bash: 1 | Mini: 127
[0;31m✗[0m [23] [CARACTERES A LA VOLE] \
   Expected: 127 | Bash: 0 | Mini: 127
[0;31m✗[0m [35] [CARACTERES A LA VOLE] &&&&&
   Expected: 2 | Bash: 2 | Mini: 127
[0;31m✗[0m [36] [CARACTERES A LA VOLE] &&&&&&&&&&&&&&
   Expected: 2 | Bash: 2 | Mini: 127
[0;31m✗[0m [37] [CARACTERES A LA VOLE] ;;
   Expected: 2 | Bash: 2 | Mini: 127
[0;31m✗[0m [38] [CARACTERES A LA VOLE] ;;;;;
   Expected: 2 | Bash: 2 | Mini: 127
[0;31m✗[0m [39] [CARACTERES A LA VOLE] ;;;;;;;;;;;;;;;
   Expected: 2 | Bash: 2 | Mini: 127
[0;31m✗[0m [40] [CARACTERES A LA VOLE] ()
   Expected: 2 | Bash: 2 | Mini: 127
[0;31m✗[0m [41] [CARACTERES A LA VOLE] ( ( ) )
   Expected: 2 | Bash: 2 | Mini: 127
[0;31m✗[0m [42] [CARACTERES A LA VOLE] ( ( ( ( ) ) ) )
   Expected: 2 | Bash: 2 | Mini: 127
[0;31m✗[0m [46] [CARACTERES A LA VOLE] ''
   Expected: 127 | Bash: 127 | Mini: 0
[0;31m✗[0m [50] [CARACTERES A LA VOLE] .
   Expected: 2 | Bash: 2 | Mini: 126
[0;31m✗[0m [51] [CARACTERES A LA VOLE] ..
   Expected: 127 | Bash: 127 | Mini: 126
[0;31m✗[0m [52] [CARACTERES A LA VOLE] ~
   Expected: 126 | Bash: 126 | Mini: 127
[0;31m✗[0m [53] [CARACTERES A LA VOLE] ABC=hola
   Expected: 0 | Bash: 0 | Mini: 127
   [0;34mNote: /!\ A gerer comme une erreur[0m
[0;31m✗[0m [189] [SIGNAUX 🛰] cat (faire Ctlr-C apres avoir fait plusieurs 
   Expected: 130 | Bash: 2 | Mini: 1
[0;31m✗[0m [190] [SIGNAUX 🛰] cat | rev(faire Ctlr-C apres avoir fait plusi
   Expected: 0 | Bash: 2 | Mini: 127
[0;31m✗[0m [195] [SIGNAUX 🛰] cat (faire Ctlr-\ apres avoir fait plusieurs 
   Expected: 131 | Bash: 2 | Mini: 1
[0;31m✗[0m [197] [SIGNAUX 🛰] sleep 3 | sleep 3 | sleep 3 (faire Ctlr-C une
   Expected: 130 | Bash: 2 | Mini: 1
[0;31m✗[0m [198] [SIGNAUX 🛰] sleep 3 | sleep 3 | sleep 3 (faire Ctlr-D une
   Expected: 0 | Bash: 2 | Mini: 1
   [0;34mNote: Ne fait rien[0m
[0;31m✗[0m [199] [SIGNAUX 🛰] sleep 3 | sleep 3 | sleep 3 (faire Ctlr-\ une
   Expected: 131 | Bash: 2 | Mini: 1
[0;31m✗[0m [201] [🛫 ENV & EXPORT & UNS] env hola
   Expected: 127 | Bash: 127 | Mini: 0
[0;31m✗[0m [202] [🛫 ENV & EXPORT & UNS] env hola que tal
   Expected: 127 | Bash: 127 | Mini: 0
[0;31m✗[0m [206] [🛫 ENV & EXPORT & UNS] env ./Makefile
   Expected: 126 | Bash: 127 | Mini: 0
[0;31m✗[0m [226] [🛫 ENV & EXPORT & UNS] export -HOLA=bonjour
   Expected: 2 | Bash: 2 | Mini: 1
[0;31m✗[0m [227] [🛫 ENV & EXPORT & UNS] export --HOLA=bonjour
   Expected: 2 | Bash: 2 | Mini: 1
[0;31m✗[0m [256] [🛫 ENV & EXPORT & UNS] export HOLA=bon(jour
   Expected: 2 | Bash: 2 | Mini: 0
   [0;34mNote: Marche pour les caractères : ()[0m
[0;31m✗[0m [257] [🛫 ENV & EXPORT & UNS] export HOLA=bon()jour
   Expected: 2 | Bash: 2 | Mini: 0
[0;31m✗[0m [258] [🛫 ENV & EXPORT & UNS] export HOLA=bon&jour
   Expected: 127 | Bash: 127 | Mini: 0
   [0;34mNote: Marche pour les caractères : &|[0m
[0;31m✗[0m [290] [🛫 ENV & EXPORT & UNS] export HOLA=\"l\" 
$> $HOLAs
   Expected: 0 | Bash: 1 | Mini: 2
[0;31m✗[0m [324] [🛫 ENV & EXPORT & UNS] unset HOL;A
   Expected: 127 | Bash: 127 | Mini: 0
[0;31m✗[0m [331] [🛫 ENV & EXPORT & UNS] unset -HOLA
   Expected: 2 | Bash: 2 | Mini: 0
[0;31m✗[0m [362] [HISTORIQUE 🏦] history
   Expected: 0 | Bash: 0 | Mini: 127
   [0;34mNote: Affiche les 500 dernières commandes[0m
[0;31m✗[0m [368] [CD 💿 PWD] pwd -p
   Expected: 2 | Bash: 2 | Mini: 0
[0;31m✗[0m [369] [CD 💿 PWD] pwd --p
   Expected: 2 | Bash: 2 | Mini: 0
[0;31m✗[0m [370] [CD 💿 PWD] pwd ---p
   Expected: 2 | Bash: 2 | Mini: 0
[0;31m✗[0m [407] [CD 💿 PWD] cd -
   Expected: 0 | Bash: 0 | Mini: 1
   [0;34mNote: Retourne à $OLD_PWD
$OLD_PWD et $PWD sont inversés
/home/vietdu91/42_w[0m
[0;31m✗[0m [408] [CD 💿 PWD] cd --
   Expected: 0 | Bash: 0 | Mini: 1
   [0;34mNote: Retourne à $HOME
$OLD_PWD et $PWD sont inversés
/home/vietdu91[0m
[0;31m✗[0m [409] [CD 💿 PWD] cd ---
   Expected: 2 | Bash: 2 | Mini: 1
[0;31m✗[0m [412] [CD 💿 PWD] cd $HOME/42_works
   Expected: 0 | Bash: 1 | Mini: 0
   [0;34mNote: /home/vietdu91/42_works[0m
[0;31m✗[0m [421] [CD 💿 PWD] cd ~/
   Expected: 0 | Bash: 0 | Mini: 1
   [0;34mNote: /home/vietdu91[0m
[0;31m✗[0m [435] [BÂTARDS 🖕] chmod 000 minishell
$> ./minishell
   Expected: 126 | Bash: 127 | Mini: 1
[0;31m✗[0m [452] [EXIT  ⛔] exit hola que tal
   Expected: 2 | Bash: 2 | Mini: 1
[0;31m✗[0m [458] [EXIT  ⛔] exit hola 666
   Expected: 2 | Bash: 2 | Mini: 1
[0;31m✗[0m [461] [EXIT  ⛔] exit hola 666 666
   Expected: 2 | Bash: 2 | Mini: 1
[0;31m✗[0m [550] [PIPES 🚬] echo hola > a
$> >>b echo que tal
$> cat a | 
   Expected: 0 | Bash: 2 | Mini: 0
[0;31m✗[0m [566] [&&  🍒  ||] ls || ;
   Expected: 2 | Bash: 2 | Mini: 0
   [0;34mNote: [BONUS] Marche pour les metacharacters |&;()[0m
[0;31m✗[0m [567] [&&  🍒  ||] ; || ls
   Expected: 2 | Bash: 2 | Mini: 0
   [0;34mNote: [BONUS] Marche pour les metacharacters |&;()[0m
[0;31m✗[0m [568] [&&  🍒  ||] ls && ;
   Expected: 2 | Bash: 2 | Mini: 127
   [0;34mNote: [BONUS] Marche pour les metacharacters |&;()[0m
[0;31m✗[0m [569] [&&  🍒  ||] ; && ls
   Expected: 2 | Bash: 2 | Mini: 127
   [0;34mNote: [BONUS] Marche pour les metacharacters |&;()[0m
[0;31m✗[0m [577] [( PARENTHESES )] (ls)
   Expected: 0 | Bash: 0 | Mini: 127
   [0;34mNote: [BONUS][0m
[0;31m✗[0m [578] [( PARENTHESES )] ( ( ls ) )
   Expected: 0 | Bash: 0 | Mini: 127
   [0;34mNote: [BONUS][0m
[0;31m✗[0m [579] [( PARENTHESES )] ( ( ) ls )
   Expected: 2 | Bash: 2 | Mini: 127
   [0;34mNote: [BONUS][0m
[0;31m✗[0m [581] [( PARENTHESES )] (ls && pwd)
   Expected: 0 | Bash: 0 | Mini: 127
   [0;34mNote: [BONUS][0m
[0;31m✗[0m [582] [( PARENTHESES )] ( ( ls&&pwd ) )
   Expected: 0 | Bash: 0 | Mini: 127
   [0;34mNote: [BONUS][0m
[0;31m✗[0m [583] [( PARENTHESES )] ( ( ls ) &&pwd )
   Expected: 0 | Bash: 0 | Mini: 127
   [0;34mNote: [BONUS][0m
[0;31m✗[0m [584] [( PARENTHESES )] (ls && ( ( pwd ) ) )
   Expected: 0 | Bash: 0 | Mini: 127
   [0;34mNote: [BONUS][0m
[0;31m✗[0m [587] [( PARENTHESES )] > hola (ls && pwd)
   Expected: 2 | Bash: 2 | Mini: 127
   [0;34mNote: [BONUS][0m
[0;31m✗[0m [590] [( PARENTHESES )] (< pwd)
   Expected: 1 | Bash: 1 | Mini: 127
   [0;34mNote: [BONUS] Si pwd n'existe pas[0m
[0;31m✗[0m [591] [( PARENTHESES )] ( ( ( ( ( pwd) ) ) ) )
   Expected: 0 | Bash: 0 | Mini: 127
   [0;34mNote: [BONUS][0m
[0;31m✗[0m [592] [( PARENTHESES )] () pwd
   Expected: 2 | Bash: 2 | Mini: 0
   [0;34mNote: [BONUS][0m
[0;31m✗[0m [593] [( PARENTHESES )] > pwd (ls)
   Expected: 2 | Bash: 2 | Mini: 0
   [0;34mNote: [BONUS][0m
[0;31m✗[0m [594] [( PARENTHESES )] (ls||pwd)&&(ls||pwd)
   Expected: 0 | Bash: 0 | Mini: 127
   [0;34mNote: [BONUS][0m
[0;31m✗[0m [595] [( PARENTHESES )] (lss||pwd)&&(lss||pwd)
   Expected: 0 | Bash: 0 | Mini: 127
   [0;34mNote: [BONUS][0m
[0;31m✗[0m [598] [( PARENTHESES )] (ls && pwd | wc) > hola
$> (ls && pwd | wc) >
   Expected: 0 | Bash: 2 | Mini: 127
   [0;34mNote: [BONUS][0m
[0;31m✗[0m [603] [( PARENTHESES )] echo hey > hola
$> (pwd | wc) < hola
   Expected: 0 | Bash: 2 | Mini: 127
   [0;34mNote: [BONUS][0m
[0;31m✗[0m [604] [( PARENTHESES )] echo hey > hola
$> (ls && pwd | wc) < hola
   Expected: 0 | Bash: 2 | Mini: 127
   [0;34mNote: [BONUS][0m
[0;31m✗[0m [605] [( PARENTHESES )] echo hey > hola
$> (ls -z || pwd | wc) < hola
   Expected: 0 | Bash: 2 | Mini: 127
   [0;34mNote: [BONUS][0m
[0;31m✗[0m [606] [( PARENTHESES )] (ls -z || pwd && ls)
   Expected: 0 | Bash: 0 | Mini: 127
   [0;34mNote: [BONUS][0m
[0;31m✗[0m [607] [( PARENTHESES )] ls || (cat Makefile|grep srcs) && (pwd|wc)
   Expected: 0 | Bash: 0 | Mini: 127
   [0;34mNote: [BONUS][0m
[0;31m✗[0m [612] [( PARENTHESES )] (cd ../.. && pwd) && pwd
   Expected: 0 | Bash: 0 | Mini: 127
   [0;34mNote: [BONUS][0m
[0;31m✗[0m [613] [( PARENTHESES )] ls -z || cd ../../..&&pwd
$> pwd
   Expected: 0 | Bash: 1 | Mini: 127
   [0;34mNote: [BONUS][0m
[0;31m✗[0m [681] [<< << << << << << <<] echo hola > srcs/bonjour
$> echo hey > srcs/h
   Expected: 0 | Bash: 2 | Mini: 127
[0;31m✗[0m [682] [<< << << << << << <<] echo hola > srcs/bonjour
$> echo hey > srcs/h
   Expected: 0 | Bash: 2 | Mini: 127
[0;31m✗[0m [683] [<< << << << << << <<] echo hola > srcs/bonjour
$> echo hey > srcs/h
   Expected: 0 | Bash: 2 | Mini: 127
[0;31m✗[0m [684] [<< << << << << << <<] echo hola > srcs/bonjour
$> echo hey > srcs/h
   Expected: 0 | Bash: 2 | Mini: 127
[0;31m✗[0m [685] [<< << << << << << <<] echo hola > ../bonjour
$> echo hey > ../hello
   Expected: 0 | Bash: 2 | Mini: 127
[0;31m✗[0m [686] [<< << << << << << <<] echo hola > ../bonjour
$> echo hey > ../hello
   Expected: 0 | Bash: 2 | Mini: 127
[0;31m✗[0m [687] [<< << << << << << <<] echo hola > ../bonjour
$> echo hey > ../hello
   Expected: 0 | Bash: 2 | Mini: 127
[0;31m✗[0m [688] [<< << << << << << <<] echo hola > ../bonjour
$> echo hey > ../hello
   Expected: 0 | Bash: 2 | Mini: 127
[0;31m✗[0m [689] [<< << << << << << <<] echo hola > srcs/bonjour
$> echo hey > srcs/h
   Expected: 0 | Bash: 2 | Mini: 127
[0;31m✗[0m [690] [<< << << << << << <<] echo hola > srcs/bonjour
$> echo hey > srcs/h
   Expected: 0 | Bash: 2 | Mini: 127
[0;31m✗[0m [691] [<< << << << << << <<] echo hola > srcs/bonjour
$> echo hey > srcs/h
   Expected: 0 | Bash: 2 | Mini: 127
[0;31m✗[0m [692] [<< << << << << << <<] echo hola > srcs/bonjour
$> echo hey > srcs/h
   Expected: 0 | Bash: 2 | Mini: 127
[0;31m✗[0m [693] [<< << << << << << <<] echo hola > srcs/bonjour
$> echo hey > srcs/h
   Expected: 0 | Bash: 2 | Mini: 127
[0;31m✗[0m [694] [<< << << << << << <<] echo hola > srcs/bonjour
$> echo hey > srcs/h
   Expected: 0 | Bash: 2 | Mini: 127
[0;31m✗[0m [695] [<< << << << << << <<] echo hola > srcs/bonjour
$> echo hey > srcs/h
   Expected: 0 | Bash: 2 | Mini: 127
[0;31m✗[0m [696] [<< << << << << << <<] echo hola > bonjour
$> echo hey > hello
$> <b
   Expected: 0 | Bash: 2 | Mini: 127
[0;31m✗[0m [697] [<< << << << << << <<] echo hola > bonjour
$> echo hey > hello
$> >b
   Expected: 0 | Bash: 2 | Mini: 127
[0;31m✗[0m [698] [<< << << << << << <<] echo hola > bonjour
$> echo hey > hello
$> rm
   Expected: 0 | Bash: 2 | Mini: 127
[0;31m✗[0m [699] [<< << << << << << <<] echo hola > bonjour
$> echo hey > hello
$> >b
   Expected: 0 | Bash: 2 | Mini: 127
[0;31m✗[0m [700] [<< << << << << << <<] echo hola > bonjour
$> echo hey > hello
$> rm
   Expected: 0 | Bash: 2 | Mini: 127
   [0;34mNote: Le fichier hello n'existe pas[0m
[0;31m✗[0m [701] [<< << << << << << <<] echo hola > bonjour
$> <bonjour cat | wc > bo
   Expected: 0 | Bash: 2 | Mini: 127
[0;31m✗[0m [703] [<< << << << << << <<] export HOLA=\"bonjour hello\"
$> >$HOLA
$> ls
   Expected: 0 | Bash: 2 | Mini: 127
[0;31m✗[0m [704] [<< << << << << << <<] export HOLA=\"bonjour hello\"
$> >\"$HOLA\"
$
   Expected: 0 | Bash: 2 | Mini: 127
[0;31m✗[0m [705] [<< << << << << << <<] export HOLA=\"bonjour hello\"
$> >$\"HOLA\"
$
   Expected: 0 | Bash: 2 | Mini: 127
[0;31m✗[0m [706] [<< << << << << << <<] export HOLA=\"bonjour hello\"
$> >$HOLA>hey
$
   Expected: 0 | Bash: 2 | Mini: 127
[0;31m✗[0m [707] [<< << << << << << <<] export HOLA=\"bonjour hello\"
$> >hey>$HOLA
$
   Expected: 0 | Bash: 2 | Mini: 127
[0;31m✗[0m [708] [<< << << << << << <<] export HOLA=\"bonjour hello\"
$> >hey>$HOLA>h
   Expected: 0 | Bash: 2 | Mini: 127
[0;31m✗[0m [732] [HEREDOC ⏮️] << $hola
   Expected: 0 | Bash: 0 | Mini: 2
[0;31m✗[0m [736] [HEREDOC ⏮️] echo hola <<< bonjour
   Expected: 0 | Bash: 0 | Mini: 2
[0;31m✗[0m [739] [WILDCARD ⭐] ls *
   Expected: 0 | Bash: 0 | Mini: 2
   [0;34mNote: [BONUS][0m

[0;35m[1m═══════════════════════════════════════════════[0m
[0;35m[1m              TEST RESULTS                      [0m
[0;35m[1m═══════════════════════════════════════════════[0m

Total:    [1m744[0m tests
Passed:   [0;32m[1m637[0m (85%)
Failed:   [0;31m[1m102[0m (13%)
Skipped:  [1;33m5[0m

[0;35m[1m═══════════════════════════════════════════════[0m
[0;35m[1m           CATEGORY BREAKDOWN                   [0m
[0;35m[1m═══════════════════════════════════════════════[0m

HISTORIQUE 🏦                  2 | [0;32m✓  0[0m [0;31m✗  1[0m |   0%
&&  🍒  ||                    26 | [0;32m✓ 22[0m [0;31m✗  4[0m |  84%
( PARENTHESES )                 38 | [0;32m✓ 16[0m [0;31m✗ 22[0m |  42%
SIGNAUX 🛰                    13 | [0;32m✓  7[0m [0;31m✗  6[0m |  53%
CARACTERES A LA VOLEE (SYNTAXE  57 | [0;32m✓ 39[0m [0;31m✗ 15[0m |  68%
<< << << << << << << << << <<  105 | [0;32m✓ 78[0m [0;31m✗ 27[0m |  74%
WILDCARD ⭐                     6 | [0;32m✓  5[0m [0;31m✗  1[0m |  83%
CD 💿 PWD                     71 | [0;32m✓ 63[0m [0;31m✗  8[0m |  88%
HEREDOC ⏮️                  19 | [0;32m✓ 17[0m [0;31m✗  2[0m |  89%
BÂTARDS 🖕                   14 | [0;32m✓ 13[0m [0;31m✗  1[0m |  92%
🛫 ENV & EXPORT & UNSET 🛬 158 | [0;32m✓147[0m [0;31m✗ 11[0m |  93%
EXIT  ⛔                       46 | [0;32m✓ 43[0m [0;31m✗  3[0m |  93%
PIPES 🚬                      56 | [0;32m✓ 55[0m [0;31m✗  1[0m |  98%
ECHO   🎉                    119 | [0;32m✓118[0m [0;31m✗  0[0m |  99%
💰                            10 | [0;32m✓ 10[0m [0;31m✗  0[0m | 100%
FICHIERS BINAIRES 0️⃣ 1️⃣   4 | [0;32m✓  4[0m [0;31m✗  0[0m | 100%

[0;35m[1m═══════════════════════════════════════════════[0m
